The target system is: Generic - 4.3.99 - xtensa
The host system is: Linux - 7.0.0-28-generic - x86_64
Compiling the C compiler identification source file "CMakeCCompilerId.c" succeeded.
Compiler: /home/barth/zephyr-sdk-0.17.4/xtensa-espressif_esp32s3_zephyr-elf/bin/xtensa-espressif_esp32s3_zephyr-elf-gcc 
Build flags: 
Id flags: -c 

The output was:
0


Compilation of the C compiler identification source "CMakeCCompilerId.c" produced "CMakeCCompilerId.o"

The C compiler identification is GNU, found in "/home/barth/zephyr/Project-Base/devboard/button_demo/build/CMakeFiles/3.21.1/CompilerIdC/CMakeCCompilerId.o"

Compiling the CXX compiler identification source file "CMakeCXXCompilerId.cpp" succeeded.
Compiler: /home/barth/zephyr-sdk-0.17.4/xtensa-espressif_esp32s3_zephyr-elf/bin/xtensa-espressif_esp32s3_zephyr-elf-g++ 
Build flags: 
Id flags: -c 

The output was:
0


Compilation of the CXX compiler identification source "CMakeCXXCompilerId.cpp" produced "CMakeCXXCompilerId.o"

The CXX compiler identification is GNU, found in "/home/barth/zephyr/Project-Base/devboard/button_demo/build/CMakeFiles/3.21.1/CompilerIdCXX/CMakeCXXCompilerId.o"

Checking whether the ASM compiler is GNU using "--version" matched "(GNU assembler)|(GCC)|(Free Software Foundation)":
xtensa-espressif_esp32s3_zephyr-elf-gcc (Zephyr SDK 0.17.4) 12.2.0
Copyright (C) 2022 Free Software Foundation, Inc.
This is free software; see the source for copying conditions.  There is NO
warranty; not even for MERCHANTABILITY or FITNESS FOR A PARTICULAR PURPOSE.

Performing C SOURCE FILE Test check_fmacro_prefix_map__home_barth_zephyr_Project_Base_devboard_button_demo_CMAKE_SOURCE_DIR_C__nostartfiles__nostdlib__isystem___home_barth_zephyr_sdk_0_17_4_xtensa_espressif_esp32s3_zephyr_elf_bin____lib_gcc_xtensa_espressif_esp32s3_zephyr_elf_12_2_0_include___isystem___home_barth_zephyr_sdk_0_17_4_xtensa_espressif_esp32s3_zephyr_elf_bin____lib_gcc_xtensa_espressif_esp32s3_zephyr_elf_12_2_0_include_fixed___Wl___unresolved_symbols_ignore_in_object_files__Wl___entry_0__fuse_ld_bfd succeeded with the following output:
Change Dir: /home/barth/zephyr/Project-Base/devboard/button_demo/build/CMakeFiles/CMakeTmp

Run Build Command(s):/usr/bin/ninja cmTC_4296b && [1/2] Building C object CMakeFiles/cmTC_4296b.dir/src.c.obj
[2/2] Linking C executable cmTC_4296b


Source file was:
int main(void) { return 0; }
